 betmn, betmx:   3.5000000       4.6999998    
 L ga 0   14.200000      0.0    0.0000000      0.10
 L gb 0   14.200000      0.0   6.49813330E-04  0.10
 L ga 0   14.200000      0.0    0.0000000      0.10
 L gb 0   14.200000      0.0   6.49813330E-04  0.10
 R ga 0   14.200000      0.0   1.09853725E-04  0.10
 R gb 0   14.200000      0.0   6.12440403E-04  0.10
 R ga 0   14.200000      0.0   1.09853725E-04  0.10
 R gb 0   14.200000      0.0   6.12440403E-04  0.10
Dispersion  fit (vel)         std err  :    0.1996 (km/s)
Dispersion  fit (vel)    mean residual :    0.6800 (km/s)
Dispersion  fit (vel)    avg |residual|:    0.6800 (km/s)
Percent of Signal Power Fit (Disp)     :  96.86098% for    4 SW Obs
      Mode        Period       Observed      Predicted Observed Sigma
 L ga 0   14.200000      0.0    0.0000000      0.10
 L gb 0   14.200000      0.0   6.49813330E-04  0.10
 L C    0     14.1999998      4.0000000      3.6038058      0.1000000
 L ga 0   14.200000      0.0    0.0000000      0.10
 L gb 0   14.200000      0.0   6.49813330E-04  0.10
 L U    0     14.1999998      4.0000000      3.3828158      0.1000000
 R ga 0   14.200000      0.0   1.09853725E-04  0.10
 R gb 0   14.200000      0.0   6.12440403E-04  0.10
 R C    0     14.1999998      4.0000000      3.2325919      0.1000000
 R ga 0   14.200000      0.0   1.09853725E-04  0.10
 R gb 0   14.200000      0.0   6.12440403E-04  0.10
 R U    0     14.1999998      4.0000000      3.0607600      0.1000000
      Mode        Period       Observed      Predicted Observed Sigma
 L ga 0   14.200000      0.0    0.0000000      0.10
 L gb 0   14.200000      0.0   6.49813330E-04  0.10
 L G    0     14.1999998 0.40000000E+01 0.64981333E-03 0.10000000E+00
 L ga 0   14.200000      0.0    0.0000000      0.10
 L gb 0   14.200000      0.0   6.49813330E-04  0.10
 R ga 0   14.200000      0.0   1.09853725E-04  0.10
 R gb 0   14.200000      0.0   6.12440403E-04  0.10
 R G    0     14.1999998 0.40000000E+01 0.72229409E-03 0.10000000E+00
 R ga 0   14.200000      0.0   1.09853725E-04  0.10
 R gb 0   14.200000      0.0   6.12440403E-04  0.10
