 betmn, betmx:   3.5000000       4.6999998    
 L ga 0   14.200000      0.0    0.0000000      0.10
 L gb 0   14.200000      0.0   8.27043259E-04  0.10
 L ga 0   14.200000      0.0    0.0000000      0.10
 L gb 0   14.200000      0.0   8.27043259E-04  0.10
 R ga 0   14.200000      0.0   1.05835577E-04  0.10
 R gb 0   14.200000      0.0   8.37019645E-04  0.10
 R ga 0   14.200000      0.0   1.05835577E-04  0.10
 R gb 0   14.200000      0.0   8.37019645E-04  0.10
Dispersion  fit (vel)         std err  :    0.1988 (km/s)
Dispersion  fit (vel)    mean residual :    0.6875 (km/s)
Dispersion  fit (vel)    avg |residual|:    0.6875 (km/s)
Percent of Signal Power Fit (Disp)     :  96.79919% for    4 SW Obs
      Mode        Period       Observed      Predicted Observed Sigma
 L ga 0   14.200000      0.0    0.0000000      0.10
 L gb 0   14.200000      0.0   8.27043259E-04  0.10
 L C    0     14.1999998      4.0000000      3.5948584      0.1000000
 L ga 0   14.200000      0.0    0.0000000      0.10
 L gb 0   14.200000      0.0   8.27043259E-04  0.10
 L U    0     14.1999998      4.0000000      3.3768609      0.1000000
 R ga 0   14.200000      0.0   1.05835577E-04  0.10
 R gb 0   14.200000      0.0   8.37019645E-04  0.10
 R C    0     14.1999998      4.0000000      3.2236333      0.1000000
 R ga 0   14.200000      0.0   1.05835577E-04  0.10
 R gb 0   14.200000      0.0   8.37019645E-04  0.10
 R U    0     14.1999998      4.0000000      3.0548398      0.1000000
      Mode        Period       Observed      Predicted Observed Sigma
 L ga 0   14.200000      0.0    0.0000000      0.10
 L gb 0   14.200000      0.0   8.27043259E-04  0.10
 L G    0     14.1999998 0.40000000E+01 0.82704326E-03 0.10000000E+00
 L ga 0   14.200000      0.0    0.0000000      0.10
 L gb 0   14.200000      0.0   8.27043259E-04  0.10
 R ga 0   14.200000      0.0   1.05835577E-04  0.10
 R gb 0   14.200000      0.0   8.37019645E-04  0.10
 R G    0     14.1999998 0.40000000E+01 0.94285520E-03 0.10000000E+00
 R ga 0   14.200000      0.0   1.05835577E-04  0.10
 R gb 0   14.200000      0.0   8.37019645E-04  0.10
