 betmn, betmx:   3.5000000       4.6999998    
 L ga 0   14.200000      0.0    0.0000000      0.10
 L gb 0   14.200000      0.0   6.49229449E-04  0.10
 L ga 0   14.200000      0.0    0.0000000      0.10
 L gb 0   14.200000      0.0   6.49229449E-04  0.10
 R ga 0   14.200000      0.0   1.04423430E-04  0.10
 R gb 0   14.200000      0.0   6.11180905E-04  0.10
 R ga 0   14.200000      0.0   1.04423430E-04  0.10
 R gb 0   14.200000      0.0   6.11180905E-04  0.10
Dispersion  fit (vel)         std err  :    0.1944 (km/s)
Dispersion  fit (vel)    mean residual :    0.6788 (km/s)
Dispersion  fit (vel)    avg |residual|:    0.6788 (km/s)
Percent of Signal Power Fit (Disp)     :  96.88425% for    4 SW Obs
      Mode        Period       Observed      Predicted Observed Sigma
 L ga 0   14.200000      0.0    0.0000000      0.10
 L gb 0   14.200000      0.0   6.49229449E-04  0.10
 L C    0     14.1999998      4.0000000      3.5979528      0.1000000
 L ga 0   14.200000      0.0    0.0000000      0.10
 L gb 0   14.200000      0.0   6.49229449E-04  0.10
 L U    0     14.1999998      4.0000000      3.3860149      0.1000000
 R ga 0   14.200000      0.0   1.04423430E-04  0.10
 R gb 0   14.200000      0.0   6.11180905E-04  0.10
 R C    0     14.1999998      4.0000000      3.2284145      0.1000000
 R ga 0   14.200000      0.0   1.04423430E-04  0.10
 R gb 0   14.200000      0.0   6.11180905E-04  0.10
 R U    0     14.1999998      4.0000000      3.0725758      0.1000000
      Mode        Period       Observed      Predicted Observed Sigma
 L ga 0   14.200000      0.0    0.0000000      0.10
 L gb 0   14.200000      0.0   6.49229449E-04  0.10
 L G    0     14.1999998 0.40000000E+01 0.64922945E-03 0.10000000E+00
 L ga 0   14.200000      0.0    0.0000000      0.10
 L gb 0   14.200000      0.0   6.49229449E-04  0.10
 R ga 0   14.200000      0.0   1.04423430E-04  0.10
 R gb 0   14.200000      0.0   6.11180905E-04  0.10
 R G    0     14.1999998 0.40000000E+01 0.71560440E-03 0.10000000E+00
 R ga 0   14.200000      0.0   1.04423430E-04  0.10
 R gb 0   14.200000      0.0   6.11180905E-04  0.10
