L dc/da =  -0.000e+00
L dU/da =  -0.000e+00
L dg/da =  -0.000e+00
L dga/da =  -0.000e+00
L dgb/da =  -0.000e+00
R dc/da =   3.028e-03
R dU/da =  -1.330e-02
R dg/da =   3.058e-06
R dga/da =  -1.862e-06
R dgb/da =   4.920e-06
L dc/db =   3.041e-01
L dU/db =   1.859e-01
L dg/db =  -3.615e-05
L dga/db =  -0.000e+00
L dgb/db =  -3.615e-05
R dc/db =   3.029e-01
R dU/db =  -1.504e-01
R dg/db =   3.340e-05
R dga/db =   4.880e-05
R dgb/db =  -1.539e-05
L dc/dQai =   0.000e+00
L dU/dQai =   0.000e+00
L dg/dQai =   0.000e+00
L dga/dQai =   0.000e+00
L dgb/dQai =   0.000e+00
R dc/dQai =  -1.633e-02
R dU/dQai =  -1.080e-02
R dg/dQai =   4.018e-04
R dga/dQai =   4.018e-04
R dgb/dQai =   0.000e+00
L dc/dQbi =  -8.947e-01
L dU/dQbi =  -5.955e-01
L dg/dQbi =   1.772e-02
L dga/dQbi =   0.000e+00
L dgb/dQbi =   1.772e-02
R dc/dQbi =  -9.122e-01
R dU/dQbi =  -6.028e-01
R dg/dQbi =   2.246e-02
R dga/dQbi =   0.000e+00
R dgb/dQbi =   2.246e-02
L dc/dh =  -5.853e-03
L dU/dh =   3.199e-03
L dg/dh =  -5.839e-07
L dga/dh =   0.000e+00
L dgb/dh =  -5.839e-07
R dc/dh =  -4.341e-03
R dU/dh =   1.171e-02
R dg/dh =  -2.672e-06
R dga/dh =  -1.412e-06
R dgb/dh =  -1.259e-06
